============================= test session starts =============================
platform win32 -- Python 3.13.7, pytest-7.4.0, pluggy-1.6.0 -- C:\Python313\python.exe
cachedir: .pytest_cache
rootdir: C:\Projects\ai-news-automation
configfile: pytest.ini
plugins: anyio-3.7.1, cov-4.1.0
collecting ... collected 5 items

tests/test_backend_integration.py::TestBackendIntegration::test_01_news_api_fetch FAILED
tests/test_backend_integration.py::TestBackendIntegration::test_02_ai_summarization FAILED
tests/test_backend_integration.py::TestBackendIntegration::test_03_cache_operations FAILED
tests/test_backend_integration.py::TestBackendIntegration::test_04_full_pipeline FAILED
tests/test_backend_integration.py::TestBackendIntegration::test_05_rate_limiting PASSED

================================== FAILURES ===================================
________________ TestBackendIntegration.test_01_news_api_fetch ________________

self = <tests.test_backend_integration.TestBackendIntegration testMethod=test_01_news_api_fetch>

    def test_01_news_api_fetch(self):
        """Test fetching news from NewsAPI for each category"""
        for category in self.categories:
            with self.subTest(category=category):
>               articles = self.news_fetcher.fetch_news(category)

tests\test_backend_integration.py:67: 
_ _ _ _ _ _ _ _ _ _ _ _ _ _ _ _ _ _ _ _ _ _ _ _ _ _ _ _ _ _ _ _ _ _ _ _ _ _ _ _

self = <src.core.news_fetcher.NewsFetcher object at 0x0000025C28552120>
category = 'business'

    def fetch_news(self, category: Optional[str] = None) -> List[Dict[Any, Any]]:
        """
        Fetch news articles from NewsAPI.org
        Args:
            category: Optional category to filter news
        Returns:
            List of news articles
        """
        endpoint = f"{self.base_url}/top-headlines"
        params = {
            'apiKey': self.news_api_key,
            'language': 'en',
            'pageSize': 100  # Maximum articles per request
        }
    
        if category and category != 'general':
            params['category'] = category
    
        try:
            logger.info(f"Fetching news for category: {category or 'general'}")
            response = requests.get(endpoint, params=params, timeout=10)
            response.raise_for_status()
    
            articles = response.json().get('articles', [])
            logger.info(f"Successfully fetched {len(articles)} articles for {category or 'general'}")
    
            # Filter out articles with missing required fields
            valid_articles = []
            for article in articles:
                if all(article.get(field) for field in ['title', 'url']):
                    # Clean and standardize the article
>                   cleaned_article = self._clean_article(article)

src\core\news_fetcher.py:48: 
_ _ _ _ _ _ _ _ _ _ _ _ _ _ _ _ _ _ _ _ _ _ _ _ _ _ _ _ _ _ _ _ _ _ _ _ _ _ _ _

self = <src.core.news_fetcher.NewsFetcher object at 0x0000025C28552120>
article = {'author': 'The Wall Street Journal', 'content': None, 'description': None, 'publishedAt': '2025-08-29T08:51:00Z', ...}

    def _clean_article(self, article: Dict[str, Any]) -> Dict[str, Any]:
        """
        Clean and standardize article format
        """
        return {
            'title': article.get('title', '').strip(),
>           'description': article.get('description', '').strip(),
            'url': article.get('url', ''),
            'urlToImage': article.get('urlToImage', 'images/fallback.jpg'),
            'publishedAt': article.get('publishedAt', datetime.now().isoformat()),
            'source': article.get('source', {}).get('name', 'Unknown'),
            'category': article.get('category', 'general'),
            'isBreaking': False  # Will be updated by the orchestrator
        }
E       AttributeError: 'NoneType' object has no attribute 'strip'

src\core\news_fetcher.py:63: AttributeError
_______________ TestBackendIntegration.test_02_ai_summarization _______________

self = <tests.test_backend_integration.TestBackendIntegration testMethod=test_02_ai_summarization>

    def test_02_ai_summarization(self):
        """Test AI summarization on real news articles"""
        for category in self.categories:
            with self.subTest(category=category):
                # Load cached articles
                cache_file = self.cache_dir / f"{category}_articles.json"
                with open(cache_file) as f:
                    articles = json.load(f)
    
                for i, article in enumerate(articles):
                    # Ensure article has required fields
                    article_data = {
                        'title': article.get('title', ''),
                        'description': article.get('description', ''),
                        'content': article.get('content', ''),
                        'url': article.get('url', ''),
                        'publishedAt': article.get('publishedAt', ''),
>                       'source': article.get('source', {}).get('name', 'Unknown')
                    }
E                   AttributeError: 'str' object has no attribute 'get'

tests\test_backend_integration.py:103: AttributeError
_______________ TestBackendIntegration.test_03_cache_operations _______________

self = <tests.test_backend_integration.TestBackendIntegration testMethod=test_03_cache_operations>

    def test_03_cache_operations(self):
        """Test caching of processed articles"""
        for category in self.categories:
            with self.subTest(category=category):
                # Load processed articles
                cache_file = self.cache_dir / f"{category}_articles.json"
                with open(cache_file) as f:
                    articles = json.load(f)
    
                # Test cache save
                self.cache.save_news(category, articles)
    
                # Test cache retrieval
                cached = self.cache.get_news(category)
                self.assertEqual(len(cached), len(articles))
    
                # Verify all fields are preserved
                for orig, cached_art in zip(articles, cached):
                    self.assertEqual(orig['title'], cached_art['title'])
>                   self.assertEqual(orig['summary'], cached_art['summary'])
E                   KeyError: 'summary'

tests\test_backend_integration.py:154: KeyError
________________ TestBackendIntegration.test_04_full_pipeline _________________

self = <tests.test_backend_integration.TestBackendIntegration testMethod=test_04_full_pipeline>

    def test_04_full_pipeline(self):
        """Test the complete news processing pipeline"""
        for category in self.categories:
            with self.subTest(category=category):
                # Process news through orchestrator
                processed_articles = self.orchestrator.process_news(category)
    
                # Verify we got results
                self.assertIsInstance(processed_articles, list)
>               self.assertGreater(len(processed_articles), 0)
E               AssertionError: 0 not greater than 0

tests\test_backend_integration.py:169: AssertionError
------------------------------ Captured log call ------------------------------
ERROR    root:error_monitor.py:79 Email configuration missing. Cannot send alert.
=========================== short test summary info ===========================
FAILED tests/test_backend_integration.py::TestBackendIntegration::test_01_news_api_fetch
FAILED tests/test_backend_integration.py::TestBackendIntegration::test_02_ai_summarization
FAILED tests/test_backend_integration.py::TestBackendIntegration::test_03_cache_operations
FAILED tests/test_backend_integration.py::TestBackendIntegration::test_04_full_pipeline
========================= 4 failed, 1 passed in 8.83s =========================
